[[[[[[[  Function   0  ]]]]]]]
Local 0: mapped to: 0 range [1 - 10]
Local 1: mapped to: 1 range [3 - 11]
Number of locals reduced from 2 to 2
0: Opcode: i64.const
  Result[0]: i64
1: Opcode: local.set
  Index: 0
  Param[0]: ref:0(0)
2: Opcode: i64.const
  Result[0]: i64
3: Opcode: local.set
  Index: 1
  Param[0]: ref:2(0)
4: Opcode: local.get
  Index: 0
  Result[0]: i64
5: Opcode: i64.const
  Result[0]: i64
6: Opcode: i64.and
  Param[0]: ref:4(0)
  Param[1]: ref:5(0)
  Result[0]: i64
7: Opcode: i64.const
  Result[0]: i64
8: Opcode: local.get
  Index: 1
  Result[0]: i64
9: Opcode: i64.or
  Param[0]: ref:7(0)
  Param[1]: ref:8(0)
  Result[0]: i64
10: Opcode: local.get
  Index: 0
  Result[0]: i64
11: Opcode: local.get
  Index: 1
  Result[0]: i64
12: Opcode: i64.xor
  Param[0]: ref:10(0)
  Param[1]: ref:11(0)
  Result[0]: i64
13: Opcode: return
  Param[0]: ref:6(0)
  Param[1]: ref:9(0)
  Param[2]: ref:12(0)
------------------------------
Frame size: 0, Arguments size: 48 (total: 48)
0: Opcode: i64.const
  Result[0]: i64 unused
1: Opcode: local.set
  Addr: sp[24]
  Param[0]: i64 const:0
2: Opcode: i64.const
  Result[0]: i64 unused
3: Opcode: local.set
  Addr: sp[32]
  Param[0]: i64 const:2
4: Opcode: local.get
  Addr: sp[24]
  Result[0]: i64 unused
5: Opcode: i64.const
  Result[0]: i64 unused
6: Opcode: i64.and
  Param[0]: i64 sp[24]
  Param[1]: i64 const:5
  Result[0]: i64 sp[0]
7: Opcode: i64.const
  Result[0]: i64 unused
8: Opcode: local.get
  Addr: sp[32]
  Result[0]: i64 unused
9: Opcode: i64.or
  Param[0]: i64 const:7
  Param[1]: i64 sp[32]
  Result[0]: i64 sp[8]
10: Opcode: local.get
  Addr: sp[24]
  Result[0]: i64 unused
11: Opcode: local.get
  Addr: sp[32]
  Result[0]: i64 unused
12: Opcode: i64.xor
  Param[0]: i64 sp[24]
  Param[1]: i64 sp[32]
  Result[0]: i64 sp[16]
13: Opcode: return
  Param[0]: i64 sp[0]
  Param[1]: i64 sp[8]
  Param[2]: i64 sp[16]

test1() => i64:1080880403494997760, i64:18442521884633399280, i64:17361641481138401520
